unifiedsolutions.com.au.ipsol.com.au
www.unifiedsolutions.com.au.ipsol.com.au
yandex.avito.avito.pay.avito.avito.covid19.stonecellars.com
novapartner.com.br.babylearning.com.br
www.novapartner.com.br.babylearning.com.br
wiwhatsapp.com.br
wiwhatsapp.com.br
*.geo.redis.cache.windows.net
*.eu-west-1.es-staging.amazonaws.com
e2hypeyslz5w2hvjdj4awhqqtu.eu-west-1.es-staging.amazonaws.com
*.ap-south-1.es.amazonaws.com
hbc7wfcate4d2jfmsw34ike4fa.ap-south-1.es.amazonaws.com
*.ap-northeast-1.es.amazonaws.com
ahysrwqlf54l7w3zyzc26lqfiy.ap-northeast-1.es.amazonaws.com
*.ap-south-1.es.amazonaws.com
inhnu4s5b34xnagyfiuizidaui.ap-south-1.es.amazonaws.com
*.us-east-1.es.amazonaws.com
3nepecozo3nozkwsbgqs2y37iq.us-east-1.es.amazonaws.com
alt.canary.s3.ap-northeast-1.vpce.amazonaws.com
canary.s3.ap-northeast-1.vpce.amazonaws.com
*.iam.msktutorialcluste.iqwuip.c3.kafka.ap-northeast-1.amazonaws.com
*.iam2.msktutorialcluste.iqwuip.c3.kafka.ap-northeast-1.amazonaws.com
*.msktutorialcluste.iqwuip.c3.kafka.ap-northeast-1.amazonaws.com
*.scram.msktutorialcluste.iqwuip.c3.kafka.ap-northeast-1.amazonaws.com
*.scram2.msktutorialcluste.iqwuip.c3.kafka.ap-northeast-1.amazonaws.com
*.tls.msktutorialcluste.iqwuip.c3.kafka.ap-northeast-1.amazonaws.com
*.tls2.msktutorialcluste.iqwuip.c3.kafka.ap-northeast-1.amazonaws.com
sber.sberbank.sber.avito.avito.covid19.johnsonwinery.com
ozon.ozon.avito.pochtabank.yandex.david7878787.suncoastdave.com
www.projectamazonia.com
waws-prod-zrh-41e8aa5e.ftp.p.azurewebsites.windows.net
sberbank.sber.avito.pay.4wurmsefdgwid9t.agent.chateaulapaws.com
*.hs1.tr68222.westeurope1-a.worker.database.windows.net
*.hs2.tr68222.westeurope1-a.worker.database.windows.net
*.hs3.tr68222.westeurope1-a.worker.database.windows.net
*.tr68222.westeurope1-a.worker.database.windows.net
tr68222.westeurope1-a.worker.database.windows.net
certstories.test.netflix.net
alt.canary.s3.eu-south-1.vpce.amazonaws.com
canary.s3.eu-south-1.vpce.amazonaws.com
www.auszer.net.moneyquick.org
www.ballom.com.moneyquick.org
www.curush.net.moneyquick.org
www.fajoa.net.moneyquick.org
www.familyda.com.moneyquick.org
www.niftem.net.moneyquick.org
sbermarket.yandex.sber.www.kid2do.com
homeoffice.outlookk.de
www.ceneconsultoria.com.clarocerteza.com
www.coronaprocess.com.essargraphics.com
www.state-petroleum.com.nexode.in
3fdd1f3826ea.testblog.activar.bbvanetoffice.com
www.fesbe.org.br.huryz.com
lkiop.com.bluenote.mixh.jp
www.lkiop.com.bluenote.mixh.jp
bdo.gmalil.com
www.8www.media.phpmyadmin.git.git.git.manage.gidgidonihah.com
ushxgdwxvt.ctn.long.long.long.long.long.long.long.long.long.long.long.long.long.gts.long-first-domain.st-usc1.ap.gtr-dev.certsbridge.com
www.www.www.portal.portal.wwwonline.happy.services
www.www.portal.www.wwwportal.portal.autodiscover.webmail.happycomohomes.com
sberbank.avito.avito.www.www.covid19.anarchywineco.com
169-254-154-112.zuzhukgs3wj.ddns.manage.alta.inc
www.fujafoods.com.ionpro.vn
www.savings-accounts-45208.bond
upload.amazon-us-survey.com
192-168-2-53.bkbuixaxc4f.ddns.manage.alta.inc
google.cdn-domain.net
mageekit.com.g44admin.webd.pl
www.mageekit.com.g44admin.webd.pl
mageekit.com.g44admin.webd.pl
www.mageekit.com.g44admin.webd.pl
www.avito.www.pay.avito.sber.5bnyyid1qjjmhov.root.privods.com
sk.vk-brn-2032-filter-variants.breno.ci.shopsys.cloud
*.canary6a3d47d452a.1ru9j2.c5.kafka.ap-southeast-1.amazonaws.com
*.iam.canary6a3d47d452a.1ru9j2.c5.kafka.ap-southeast-1.amazonaws.com
*.iam2.canary6a3d47d452a.1ru9j2.c5.kafka.ap-southeast-1.amazonaws.com
*.scram.canary6a3d47d452a.1ru9j2.c5.kafka.ap-southeast-1.amazonaws.com
*.scram2.canary6a3d47d452a.1ru9j2.c5.kafka.ap-southeast-1.amazonaws.com
*.tls.canary6a3d47d452a.1ru9j2.c5.kafka.ap-southeast-1.amazonaws.com
*.tls2.canary6a3d47d452a.1ru9j2.c5.kafka.ap-southeast-1.amazonaws.com
www.www.www.www.portal.wwwwwwwwwwww.admin-clinik.pretty-rattlesnake-77.telebit.io
bilgizma.com.45-84-189-195.cprapid.com
ipv6.bilgizma.com.45-84-189-195.cprapid.com
mail.bilgizma.com.45-84-189-195.cprapid.com
www.bilgizma.com.45-84-189-195.cprapid.com
www.lowoxalatefoods.com.gozero.uk.com
www.app.amazonrewards.com
www.krzcloud.serviceportal.de
alt.canary.s3.cn-north-1.vpce.amazonaws.com.cn
canary.s3.cn-north-1.vpce.amazonaws.com.cn
*.accesspoint.vpce-05057a2614f7048a8-pio7ny6m-eu-central-1a.s3.eu-central-1.vpce.amazonaws.com
*.accesspoint.vpce-05057a2614f7048a8-pio7ny6m-eu-central-1b.s3.eu-central-1.vpce.amazonaws.com
*.us-west-2.es.amazonaws.com
7mbylcbnxej47acmqladzoo7pa.us-west-2.es.amazonaws.com
vai-05de447b4f008c207.ava.eu-west-1.amazonaws.com
*.canaryd3486053afe2.dlngxk.c4.kafka.us-west-1.amazonaws.com
*.iam.canaryd3486053afe2.dlngxk.c4.kafka.us-west-1.amazonaws.com
*.iam2.canaryd3486053afe2.dlngxk.c4.kafka.us-west-1.amazonaws.com
*.scram.canaryd3486053afe2.dlngxk.c4.kafka.us-west-1.amazonaws.com
*.scram2.canaryd3486053afe2.dlngxk.c4.kafka.us-west-1.amazonaws.com
*.tls.canaryd3486053afe2.dlngxk.c4.kafka.us-west-1.amazonaws.com
*.tls2.canaryd3486053afe2.dlngxk.c4.kafka.us-west-1.amazonaws.com
*.eu-west-2.es.amazonaws.com
lqm6k4axinzx53dhxnlgcmtfry.eu-west-2.es.amazonaws.com
*.eu-west-2.es.amazonaws.com
edpnsi53sqdkivvbcp36puvkgu.eu-west-2.es.amazonaws.com
*.us-west-2.es.amazonaws.com
efsn52y52zrzhehku6jrafzavq.us-west-2.es.amazonaws.com
*.us-east-1.es.amazonaws.com
65x374pzohptuj3uklyex7ftm4.us-east-1.es.amazonaws.com
*.public.a8a011ce30ec.database.windows.net
*.secondary.a8a011ce30ec.database.windows.net
*.secondary.public.a8a011ce30ec.database.windows.net
*.canary178789343edb.y71x7h.c3.kafka.eu-west-2.amazonaws.com
*.iam.canary178789343edb.y71x7h.c3.kafka.eu-west-2.amazonaws.com
*.iam2.canary178789343edb.y71x7h.c3.kafka.eu-west-2.amazonaws.com
*.scram.canary178789343edb.y71x7h.c3.kafka.eu-west-2.amazonaws.com
*.scram2.canary178789343edb.y71x7h.c3.kafka.eu-west-2.amazonaws.com
*.tls.canary178789343edb.y71x7h.c3.kafka.eu-west-2.amazonaws.com
*.tls2.canary178789343edb.y71x7h.c3.kafka.eu-west-2.amazonaws.com
*.iam.springbootkafkaotelsta.74478n.c3.kafka.eu-west-2.amazonaws.com
*.iam2.springbootkafkaotelsta.74478n.c3.kafka.eu-west-2.amazonaws.com
*.scram.springbootkafkaotelsta.74478n.c3.kafka.eu-west-2.amazonaws.com
*.scram2.springbootkafkaotelsta.74478n.c3.kafka.eu-west-2.amazonaws.com
*.springbootkafkaotelsta.74478n.c3.kafka.eu-west-2.amazonaws.com
*.tls.springbootkafkaotelsta.74478n.c3.kafka.eu-west-2.amazonaws.com
*.tls2.springbootkafkaotelsta.74478n.c3.kafka.eu-west-2.amazonaws.com
*.accesspoint.vpce-0a6df51168fc9099c-pdxjhoij-eu-west-1a.s3.eu-west-1.vpce.amazonaws.com
*.accesspoint.vpce-0a6df51168fc9099c-pdxjhoij-eu-west-1b.s3.eu-west-1.vpce.amazonaws.com
*.accesspoint.vpce-0a6df51168fc9099c-pdxjhoij-eu-west-1c.s3.eu-west-1.vpce.amazonaws.com
*.accesspoint.vpce-0a6df51168fc9099c-pdxjhoij-eu-west-1d.s3.eu-west-1.vpce.amazonaws.com
*.accesspoint.vpce-0a6df51168fc9099c-pdxjhoij.s3.eu-west-1.vpce.amazonaws.com
*.bucket.vpce-0a6df51168fc9099c-pdxjhoij-eu-west-1a.s3.eu-west-1.vpce.amazonaws.com
*.bucket.vpce-0a6df51168fc9099c-pdxjhoij-eu-west-1b.s3.eu-west-1.vpce.amazonaws.com
*.bucket.vpce-0a6df51168fc9099c-pdxjhoij-eu-west-1c.s3.eu-west-1.vpce.amazonaws.com
*.bucket.vpce-0a6df51168fc9099c-pdxjhoij-eu-west-1d.s3.eu-west-1.vpce.amazonaws.com
*.bucket.vpce-0a6df51168fc9099c-pdxjhoij.s3.eu-west-1.vpce.amazonaws.com
*.control.vpce-0a6df51168fc9099c-pdxjhoij-eu-west-1a.s3.eu-west-1.vpce.amazonaws.com
*.control.vpce-0a6df51168fc9099c-pdxjhoij-eu-west-1b.s3.eu-west-1.vpce.amazonaws.com
*.control.vpce-0a6df51168fc9099c-pdxjhoij-eu-west-1c.s3.eu-west-1.vpce.amazonaws.com
*.control.vpce-0a6df51168fc9099c-pdxjhoij-eu-west-1d.s3.eu-west-1.vpce.amazonaws.com
*.control.vpce-0a6df51168fc9099c-pdxjhoij.s3.eu-west-1.vpce.amazonaws.com
*.s3-accesspoint.eu-west-1.amazonaws.com
*.s3-control.eu-west-1.amazonaws.com
*.s3.eu-west-1.amazonaws.com
bucket.vpce-0a6df51168fc9099c-pdxjhoij-eu-west-1a.s3.eu-west-1.vpce.amazonaws.com
*.38-242-141-187.cprapid.com.247airporttaxis.co.uk
www.wpt-3opk.38-242-141-187.cprapid.com.247airporttaxis.co.uk
www.wpt-xzoa.38-242-141-187.cprapid.com.247airporttaxis.co.uk
www.wpt-y7rk.38-242-141-187.cprapid.com.247airporttaxis.co.uk
portal.live-kauf.de
*.lifecycle-prober-prod-50e590a1-a837-4f25-96c3-346a26deadd2.australia-southeast2.managedkafka.gmk-lifecycle-prober-prod-3.cloud.goog
update2.idevelop-coaching.com
www.update2.idevelop-coaching.com
www.cnvbooks.com.royalviewnuwaraeliya.com
www.sinhuatpress.com.decanscans.com
www.daggrupinsaat.com.nuans.com.tr
wwwwwwwww.wwwhostmaster.img.apps.connectlive2023.com
www.autobiotechnology.com.securecargologistics.com
support.gitlab.ns1.americanveteranelectrical.com
www.support.gitlab.ns1.americanveteranelectrical.com
www.ww38.appleaccoynt.com
*.cloud-security-services-99998.today
cloud-security-services-99998.today
*.smkgithub.pages.dev
smkgithub.pages.dev
scoreboard.redditcfb.com
www.admin.englishonskype.com
*.falcon-show.cluster-local.ppe-microsoft-falcon.net
*.falcon-show.clusterset-local.ppe-microsoft-falcon.net
*.falcon-show.ingress.eus.ppe-microsoft-falcon.net
*.falcon-show.sc-eus-hpt2.slb.eus.ppe-microsoft-falcon.net
highsocietysupport.zendesk.com
highsocietysupport.zendesk.com
www.wellnessayurme.com.specialholidays.com
www.aircondjerai.com.yskempire.com
wsouza.net.br.grupodetrox.com.br
www.wsouza.net.br.grupodetrox.com.br
www.portal.www.www.app.www.www.a4xrnuxssjj9pkhe.archersettlement.com
*.canary6b23de15b4a7.ik1zl3.c9.kafka.eu-west-1.amazonaws.com
*.iam.canary6b23de15b4a7.ik1zl3.c9.kafka.eu-west-1.amazonaws.com
*.iam2.canary6b23de15b4a7.ik1zl3.c9.kafka.eu-west-1.amazonaws.com
*.scram.canary6b23de15b4a7.ik1zl3.c9.kafka.eu-west-1.amazonaws.com
*.scram2.canary6b23de15b4a7.ik1zl3.c9.kafka.eu-west-1.amazonaws.com
*.tls.canary6b23de15b4a7.ik1zl3.c9.kafka.eu-west-1.amazonaws.com
*.tls2.canary6b23de15b4a7.ik1zl3.c9.kafka.eu-west-1.amazonaws.com
*.ap-northeast-1.es.amazonaws.com
vlwicmnungjvcwrz5zqtcbvhca.ap-northeast-1.es.amazonaws.com
*.us-west-2.es.amazonaws.com
nkmwxht62u4m54feqvrukr3uza.us-west-2.es.amazonaws.com
my-sqlmi-primary-mins.9fa4c7d197e1.database.windows.net
kg-11208-remove-b66dd1d8.i-sepp-theater.ux.i-smith.ee
www.velawsattorneys.com.afadapafishery.com
*.ap-northeast-1.es.amazonaws.com
hplwjbfklwyk4vsc5k62476boa.ap-northeast-1.es.amazonaws.com
*.ccclyzgmail.direct.quickconnect.to
canary-s3ccp.mrap.accesspoint.s3-global.amazonaws.com
*.eu-west-3.es.amazonaws.com
a7gq24djxxsry65r6wk7vv3cu4.eu-west-3.es.amazonaws.com
*.accesspoint.vpce-019e17f8b7a0ced0d-yfx7i2jg-ap-northeast-1a.s3.ap-northeast-1.vpce.amazonaws.com
auth.dev.vpn.myoffice.peoplemovers.org
www.pulquex.com.mx.tehuacanenlinea.com
www.www.login.petrichorvineyards.com
pay.yandex.pay.sberbank.pogiai2kjld60sx.demo.chat.axioswine.com
sber.www.pay.pay.avito.sberbank.covid19.citationwine.com
myd2067alertsfilter.cloud.mydiabby.com
