pochtabank.yandex.sbermegamarket.blablacar.nalozhka.pay.avito.eset-nod32update.aquadacenturio.com
demo-paw-live-files.b12-devprojects.de
www.bydmalaysiasales.com.s1-pemajudigital.com
www.hondapahang.com.s1-pemajudigital.com
*.geo.redis.cache.windows.net
join-tiona-de-ui.cfs-p1286-dev.test-k8s.comparus.cloud
autodiscover.fiorinocaffe.com.karadagayerlesmek.com
cpanel.fiorinocaffe.com.karadagayerlesmek.com
cpcalendars.fiorinocaffe.com.karadagayerlesmek.com
cpcontacts.fiorinocaffe.com.karadagayerlesmek.com
webdisk.fiorinocaffe.com.karadagayerlesmek.com
webmail.fiorinocaffe.com.karadagayerlesmek.com
www.fiorinocaffe.com.karadagayerlesmek.com
www.www.portal.www.wwwgitlab.wwwwwwindmoney.green-rabbit-58.telebit.io
facebook-notifications.en.worldweapon.ru
facebook-notifications.en.worldweapon.ru
www.yandex.pay.avito.avito.pay.aviaviqild9ko15m9ro0r.mx.vm-boost.ru
yandex.pay.avito.avito.pay.aviaviqild9ko15m9ro0r.mx.vm-boost.ru
*.ap-southeast-2.es.amazonaws.com
le372np6inj2fbz75y3ocqod7i.ap-southeast-2.es.amazonaws.com
vai-09b32a1aa268cf4da.ava.us-west-1.amazonaws.com
*.ap-southeast-2.es.amazonaws.com
k3msl2cjbmprtctryoi4ejdnri.ap-southeast-2.es.amazonaws.com
vai-0408deb42c14ced25.ava.us-east-2.amazonaws.com
vai-00d8b213c1c99892e.ava.sa-east-1.amazonaws.com
vai-0bf40931c24b1f5b0.ava.ap-south-1.amazonaws.com
*.eu-west-1.es-staging.amazonaws.com
wnyp6adi4yetrxjjiujljrlbem.eu-west-1.es-staging.amazonaws.com
vai-021dffa17a9d24c0f.ava.eu-west-1.amazonaws.com
alt.canary.s3.il-central-1.vpce.amazonaws.com
canary.s3.il-central-1.vpce.amazonaws.com
*.canary55e117702256.5uzslr.c8.kafka.eu-west-1.amazonaws.com
*.iam.canary55e117702256.5uzslr.c8.kafka.eu-west-1.amazonaws.com
*.iam2.canary55e117702256.5uzslr.c8.kafka.eu-west-1.amazonaws.com
*.scram.canary55e117702256.5uzslr.c8.kafka.eu-west-1.amazonaws.com
*.scram2.canary55e117702256.5uzslr.c8.kafka.eu-west-1.amazonaws.com
*.tls.canary55e117702256.5uzslr.c8.kafka.eu-west-1.amazonaws.com
*.tls2.canary55e117702256.5uzslr.c8.kafka.eu-west-1.amazonaws.com
*.eu-west-3.es.amazonaws.com
bklq3ajrzryvkmni5g4nvunjga.eu-west-3.es.amazonaws.com
vai-045f9fb92d2c618f3.ava.eu-west-2.amazonaws.com
*.eu-west-1.es-staging.amazonaws.com
wuicf4vxlo23qqj7t6kkjhee6q.eu-west-1.es-staging.amazonaws.com
*.us-east-1.es.amazonaws.com
s25kfgrkqiazd3ujqzgskm7ar4.us-east-1.es.amazonaws.com
*.accesspoint.vpce-095bec1c08361fd67-rg14q58e-us-west-2a.s3.us-west-2.vpce.amazonaws.com
*.accesspoint.vpce-095bec1c08361fd67-rg14q58e-us-west-2b.s3.us-west-2.vpce.amazonaws.com
*.accesspoint.vpce-095bec1c08361fd67-rg14q58e-us-west-2c.s3.us-west-2.vpce.amazonaws.com
*.accesspoint.vpce-095bec1c08361fd67-rg14q58e-us-west-2d.s3.us-west-2.vpce.amazonaws.com
*.accesspoint.vpce-095bec1c08361fd67-rg14q58e.s3.us-west-2.vpce.amazonaws.com
*.bucket.vpce-095bec1c08361fd67-rg14q58e-us-west-2a.s3.us-west-2.vpce.amazonaws.com
*.bucket.vpce-095bec1c08361fd67-rg14q58e-us-west-2b.s3.us-west-2.vpce.amazonaws.com
*.bucket.vpce-095bec1c08361fd67-rg14q58e-us-west-2c.s3.us-west-2.vpce.amazonaws.com
*.bucket.vpce-095bec1c08361fd67-rg14q58e-us-west-2d.s3.us-west-2.vpce.amazonaws.com
*.bucket.vpce-095bec1c08361fd67-rg14q58e.s3.us-west-2.vpce.amazonaws.com
*.control.vpce-095bec1c08361fd67-rg14q58e-us-west-2a.s3.us-west-2.vpce.amazonaws.com
*.control.vpce-095bec1c08361fd67-rg14q58e-us-west-2b.s3.us-west-2.vpce.amazonaws.com
*.control.vpce-095bec1c08361fd67-rg14q58e-us-west-2c.s3.us-west-2.vpce.amazonaws.com
*.control.vpce-095bec1c08361fd67-rg14q58e-us-west-2d.s3.us-west-2.vpce.amazonaws.com
*.control.vpce-095bec1c08361fd67-rg14q58e.s3.us-west-2.vpce.amazonaws.com
*.s3-accesspoint.us-west-2.amazonaws.com
*.s3-control.us-west-2.amazonaws.com
*.s3.us-west-2.amazonaws.com
bucket.vpce-095bec1c08361fd67-rg14q58e-us-west-2a.s3.us-west-2.vpce.amazonaws.com
bucket.vpce-095bec1c08361fd67-rg14q58e-us-west-2b.s3.us-west-2.vpce.amazonaws.com
bucket.vpce-095bec1c08361fd67-rg14q58e-us-west-2c.s3.us-west-2.vpce.amazonaws.com
bucket.vpce-095bec1c08361fd67-rg14q58e-us-west-2d.s3.us-west-2.vpce.amazonaws.com
bucket.vpce-095bec1c08361fd67-rg14q58e.s3.us-west-2.vpce.amazonaws.com
s3.us-west-2.amazonaws.com
alt.canary.s3.me-south-1.vpce.amazonaws.com
canary.s3.me-south-1.vpce.amazonaws.com
vai-0b89ffd32b643329b.ava.ca-central-1.amazonaws.com
*.ap-south-1.es.amazonaws.com
jvkvl2fd7zse7emhee6a3kedne.ap-south-1.es.amazonaws.com
*.us-west-2.es.amazonaws.com
vmizh6jkg4pbmkptiqymr4nbim.us-west-2.es.amazonaws.com
*.geo.redis.cache.windows.net
