www.your-clarification.com.linux216.dandomainserver.dk
your-clarification.com.linux216.dandomainserver.dk
www.your-clarification.com.linux216.dandomainserver.dk
your-clarification.com.linux216.dandomainserver.dk
customer.medienservice-farbsatz.de
kalkylator.santanders.se
santander-calc-se.smode.se
*.ap-east-1.es.amazonaws.com
y3j3ozdb3jqgvenmjv7e4wtrny.ap-east-1.es.amazonaws.com
*.ap-southeast-3.es.amazonaws.com
xmoiaudxvgepi2nxrvp4yzheeq.ap-southeast-3.es.amazonaws.com
*.eu-north-1.es.amazonaws.com
o3nbvqvzw6sdxk4kmcgfbzmbs4.eu-north-1.es.amazonaws.com
*.ca-west-1.es.amazonaws.com
u2fx2vqokrsij5xu37rwp44d5u.ca-west-1.es.amazonaws.com
*.me-central-1.es.amazonaws.com
ziz4dzc3m7jmjyei4yob5w4flq.me-central-1.es.amazonaws.com
*.canary0c26e190a94b.mnozrh.c4.kafka.us-west-1.amazonaws.com
*.iam.canary0c26e190a94b.mnozrh.c4.kafka.us-west-1.amazonaws.com
*.iam2.canary0c26e190a94b.mnozrh.c4.kafka.us-west-1.amazonaws.com
*.scram.canary0c26e190a94b.mnozrh.c4.kafka.us-west-1.amazonaws.com
*.scram2.canary0c26e190a94b.mnozrh.c4.kafka.us-west-1.amazonaws.com
*.tls.canary0c26e190a94b.mnozrh.c4.kafka.us-west-1.amazonaws.com
*.tls2.canary0c26e190a94b.mnozrh.c4.kafka.us-west-1.amazonaws.com
*.ca-central-1.es.amazonaws.com
hpjeq7d6vx2p5pqziizjs5ue6m.ca-central-1.es.amazonaws.com
*.canaryd466177f559.o44j3c.c4.kafka.ap-southeast-1.amazonaws.com
*.iam.canaryd466177f559.o44j3c.c4.kafka.ap-southeast-1.amazonaws.com
*.iam2.canaryd466177f559.o44j3c.c4.kafka.ap-southeast-1.amazonaws.com
*.scram.canaryd466177f559.o44j3c.c4.kafka.ap-southeast-1.amazonaws.com
*.scram2.canaryd466177f559.o44j3c.c4.kafka.ap-southeast-1.amazonaws.com
*.tls.canaryd466177f559.o44j3c.c4.kafka.ap-southeast-1.amazonaws.com
*.tls2.canaryd466177f559.o44j3c.c4.kafka.ap-southeast-1.amazonaws.com
*.cfnlaunchpadcanarytest.s2fe4h.c4.kafka.sa-east-1.amazonaws.com
*.iam.cfnlaunchpadcanarytest.s2fe4h.c4.kafka.sa-east-1.amazonaws.com
*.iam2.cfnlaunchpadcanarytest.s2fe4h.c4.kafka.sa-east-1.amazonaws.com
*.scram.cfnlaunchpadcanarytest.s2fe4h.c4.kafka.sa-east-1.amazonaws.com
*.scram2.cfnlaunchpadcanarytest.s2fe4h.c4.kafka.sa-east-1.amazonaws.com
*.tls.cfnlaunchpadcanarytest.s2fe4h.c4.kafka.sa-east-1.amazonaws.com
*.tls2.cfnlaunchpadcanarytest.s2fe4h.c4.kafka.sa-east-1.amazonaws.com
*.us-gov-east-1.es.amazonaws.com
dmo5cixckml4h4dj6i6kikxw3e.us-gov-east-1.es.amazonaws.com
*.us-east-2.es.amazonaws.com
ncv3xwvwnn2iy737zvyvvtgfsm.us-east-2.es.amazonaws.com
*.us-west-1.es.amazonaws.com
ygrscrya26wre4kqhvvigrh2qa.us-west-1.es.amazonaws.com
*.il-central-1.es.amazonaws.com
gkpvwkebz2lxzhei4nwf4nuvci.il-central-1.es.amazonaws.com
alt.canary.s3.ap-southeast-4.vpce.amazonaws.com
canary.s3.ap-southeast-4.vpce.amazonaws.com
*.eu-west-3.es.amazonaws.com
ilk7tcjho57wwg47v3m2i3u35m.eu-west-3.es.amazonaws.com
*.ap-south-2.es.amazonaws.com
yibdunl7leshw6j5f3xcmhnenu.ap-south-2.es.amazonaws.com
*.il-central-1.es.amazonaws.com
zvwotvlqf7oigokvoy7effbqse.il-central-1.es.amazonaws.com
*.canary5ac02b84.eem1l5.c4.kafka.cn-northwest-1.amazonaws.com.cn
*.iam.canary5ac02b84.eem1l5.c4.kafka.cn-northwest-1.amazonaws.com.cn
*.iam2.canary5ac02b84.eem1l5.c4.kafka.cn-northwest-1.amazonaws.com.cn
*.scram.canary5ac02b84.eem1l5.c4.kafka.cn-northwest-1.amazonaws.com.cn
*.scram2.canary5ac02b84.eem1l5.c4.kafka.cn-northwest-1.amazonaws.com.cn
*.tls.canary5ac02b84.eem1l5.c4.kafka.cn-northwest-1.amazonaws.com.cn
*.tls2.canary5ac02b84.eem1l5.c4.kafka.cn-northwest-1.amazonaws.com.cn
*.us-east-2.es.amazonaws.com
x5cnppobx4eeoc7tntvsm64koq.us-east-2.es.amazonaws.com
*.ap-northeast-1.es.amazonaws.com
7bs6n3z7spqruyndm5gnmf2i4u.ap-northeast-1.es.amazonaws.com
*.ap-south-1.es.amazonaws.com
5ekwpib2afz7kl6paazvyvytm4.ap-south-1.es.amazonaws.com
*.accesspoint.vpce-0f2b6ef62adc5256f-sj7tj7hd-us-east-1a.s3.us-east-1.vpce.amazonaws.com
*.accesspoint.vpce-0f2b6ef62adc5256f-sj7tj7hd-us-east-1b.s3.us-east-1.vpce.amazonaws.com
*.accesspoint.vpce-0f2b6ef62adc5256f-sj7tj7hd-us-east-1c.s3.us-east-1.vpce.amazonaws.com
*.accesspoint.vpce-0f2b6ef62adc5256f-sj7tj7hd-us-east-1d.s3.us-east-1.vpce.amazonaws.com
*.accesspoint.vpce-0f2b6ef62adc5256f-sj7tj7hd-us-east-1e.s3.us-east-1.vpce.amazonaws.com
*.accesspoint.vpce-0f2b6ef62adc5256f-sj7tj7hd-us-east-1f.s3.us-east-1.vpce.amazonaws.com
*.accesspoint.vpce-0f2b6ef62adc5256f-sj7tj7hd.s3.us-east-1.vpce.amazonaws.com
*.bucket.vpce-0f2b6ef62adc5256f-sj7tj7hd-us-east-1a.s3.us-east-1.vpce.amazonaws.com
*.bucket.vpce-0f2b6ef62adc5256f-sj7tj7hd-us-east-1b.s3.us-east-1.vpce.amazonaws.com
*.bucket.vpce-0f2b6ef62adc5256f-sj7tj7hd-us-east-1c.s3.us-east-1.vpce.amazonaws.com
*.bucket.vpce-0f2b6ef62adc5256f-sj7tj7hd-us-east-1d.s3.us-east-1.vpce.amazonaws.com
*.bucket.vpce-0f2b6ef62adc5256f-sj7tj7hd-us-east-1e.s3.us-east-1.vpce.amazonaws.com
*.bucket.vpce-0f2b6ef62adc5256f-sj7tj7hd-us-east-1f.s3.us-east-1.vpce.amazonaws.com
*.bucket.vpce-0f2b6ef62adc5256f-sj7tj7hd.s3.us-east-1.vpce.amazonaws.com
*.control.vpce-0f2b6ef62adc5256f-sj7tj7hd-us-east-1a.s3.us-east-1.vpce.amazonaws.com
*.control.vpce-0f2b6ef62adc5256f-sj7tj7hd-us-east-1b.s3.us-east-1.vpce.amazonaws.com
*.control.vpce-0f2b6ef62adc5256f-sj7tj7hd-us-east-1c.s3.us-east-1.vpce.amazonaws.com
*.control.vpce-0f2b6ef62adc5256f-sj7tj7hd-us-east-1d.s3.us-east-1.vpce.amazonaws.com
*.control.vpce-0f2b6ef62adc5256f-sj7tj7hd-us-east-1e.s3.us-east-1.vpce.amazonaws.com
*.control.vpce-0f2b6ef62adc5256f-sj7tj7hd-us-east-1f.s3.us-east-1.vpce.amazonaws.com
*.control.vpce-0f2b6ef62adc5256f-sj7tj7hd.s3.us-east-1.vpce.amazonaws.com
bucket.vpce-0f2b6ef62adc5256f-sj7tj7hd-us-east-1a.s3.us-east-1.vpce.amazonaws.com
bucket.vpce-0f2b6ef62adc5256f-sj7tj7hd-us-east-1b.s3.us-east-1.vpce.amazonaws.com
bucket.vpce-0f2b6ef62adc5256f-sj7tj7hd-us-east-1c.s3.us-east-1.vpce.amazonaws.com
bucket.vpce-0f2b6ef62adc5256f-sj7tj7hd-us-east-1d.s3.us-east-1.vpce.amazonaws.com
bucket.vpce-0f2b6ef62adc5256f-sj7tj7hd-us-east-1e.s3.us-east-1.vpce.amazonaws.com
bucket.vpce-0f2b6ef62adc5256f-sj7tj7hd-us-east-1f.s3.us-east-1.vpce.amazonaws.com
bucket.vpce-0f2b6ef62adc5256f-sj7tj7hd.s3.us-east-1.vpce.amazonaws.com
*.eu-west-1.es.amazonaws.com
xp2th2i6azavw246mso7qef5mq.eu-west-1.es.amazonaws.com
*.ap-southeast-2.es.amazonaws.com
knrz3eepsfzfx36mdhcgjja6fi.ap-southeast-2.es.amazonaws.com
*.ap-southeast-2.es.amazonaws.com
fnqfqlwyzr2iaf35kxxg6qtxay.ap-southeast-2.es.amazonaws.com
alt.canary.s3.me-south-1.vpce.amazonaws.com
canary.s3.me-south-1.vpce.amazonaws.com
*.canary1fb165b5f81.m921gp.c1.kafka.ap-northeast-2.amazonaws.com
*.iam.canary1fb165b5f81.m921gp.c1.kafka.ap-northeast-2.amazonaws.com
*.iam2.canary1fb165b5f81.m921gp.c1.kafka.ap-northeast-2.amazonaws.com
*.scram.canary1fb165b5f81.m921gp.c1.kafka.ap-northeast-2.amazonaws.com
*.scram2.canary1fb165b5f81.m921gp.c1.kafka.ap-northeast-2.amazonaws.com
*.tls.canary1fb165b5f81.m921gp.c1.kafka.ap-northeast-2.amazonaws.com
*.tls2.canary1fb165b5f81.m921gp.c1.kafka.ap-northeast-2.amazonaws.com
*.eu-west-2.es.amazonaws.com
uv2idzs7ejffttvv7vropxexia.eu-west-2.es.amazonaws.com
alt.canary.s3.ap-northeast-3.vpce.amazonaws.com
canary.s3.ap-northeast-3.vpce.amazonaws.com
*.canaryb5c1376f821.xg1lhy.c4.kafka.ap-southeast-3.amazonaws.com
*.iam.canaryb5c1376f821.xg1lhy.c4.kafka.ap-southeast-3.amazonaws.com
*.iam2.canaryb5c1376f821.xg1lhy.c4.kafka.ap-southeast-3.amazonaws.com
*.scram.canaryb5c1376f821.xg1lhy.c4.kafka.ap-southeast-3.amazonaws.com
*.scram2.canaryb5c1376f821.xg1lhy.c4.kafka.ap-southeast-3.amazonaws.com
*.tls.canaryb5c1376f821.xg1lhy.c4.kafka.ap-southeast-3.amazonaws.com
*.tls2.canaryb5c1376f821.xg1lhy.c4.kafka.ap-southeast-3.amazonaws.com
*.google.wchrwysq249.workers.dev
*.reddit.cqs17969967508400.workers.dev
