*.hs1.tr3153.koreacentral1-a.worker.database.windows.net
*.hs2.tr3153.koreacentral1-a.worker.database.windows.net
*.hs3.tr3153.koreacentral1-a.worker.database.windows.net
*.tr3153.koreacentral1-a.worker.database.windows.net
tr3153.koreacentral1-a.worker.database.windows.net
wuaxqqniwr.ctn.long.long.long.long.long.long.long.long.long.long.long.long.long.gts.long-first-domain.pr-use1.ap.gtr.certsbridge.com
10-1-10-154.ojdi81kob1u.ddns.manage.alta.inc
2622a55b-23a5-4db7-9928-c9338f8dccab.myetherwallet.ee
www.2622a55b-23a5-4db7-9928-c9338f8dccab.myetherwallet.ee
etl-engine-api.app.mi-affnet.use4.gcp.srv-impact.net
bachangroups.com.68-178-175-119.cprapid.com
mail.bachangroups.com.68-178-175-119.cprapid.com
www.bachangroups.com.68-178-175-119.cprapid.com
*.geo.redis.cache.windows.net
waws-prod-plc-65338d1e.ftp.p.azurewebsites.windows.net
waws-prod-plc-65338d1e.publish.p.azurewebsites.windows.net
*.geo.redis.cache.windows.net
*.geo.redis.cache.windows.net
waws-prod-sg1-99a714be.ftp.p.azurewebsites.windows.net
waws-prod-sg1-99a714be.publish.p.azurewebsites.windows.net
cnp-platform-rst-wkld-prod-asev3.ftp.appserviceenvironment.net
waws-prod-sy3-830963d4.ftp.p.azurewebsites.windows.net
waws-prod-sy3-830963d4.publish.p.azurewebsites.windows.net
*.lifecycle-prober-prod-7944f5c2-a66d-47cf-b000-e328f76e6882.asia-northeast3.managedkafka.gmk-lifecycle-prober-prod-3.cloud.goog
*.z94.graphql.fabric.microsoft-int.com
*.z94.w.api.fabric.microsoft-int.com
auto-s731896mza7-pbi-kv-HttpsZone94.z94.w.api.fabric.microsoft-int.com
www.channelgoods.net.troole.id
apple-mac-repair-service-whitchurch-cardiff.pcideals.com
portal.com.of.iftkaeok.64-227-108-172.cprapid.com
www.bigapplecollegefair.com
*.syskabsamazone.com
www.ad-mac-holding221.syskabsamazone.com
*.syskabsamazone.com
www.ad-mac-holding221.syskabsamazone.com
www.portal.wwwwww.admin.athollarmshotel.test.innfinitehospitality.co.uk
what-to-order-at-red-lobster.mehausmeisterservice.de
youla.sberbank.cdek.old2.ciasales.com
*.blockchain-agi.com
blockchain-agi.com
la-gard-safe-lock-forgot-code.cornelia-cegar.de
www.www.portal.www.wwwwww.deployments.gk01.cynova.dev
*.z21.blob.fabric-df.microsoft.com
*.z21.dfs.fabric-df.microsoft.com
*.z21.onelake.fabric-df.microsoft.com
try-sugar-defender-com.alpilean---com.com
try-sugar-defender-com.alpilean---com.com
www.hoteltitaniumplaza.com.tgg.com.co
www.hoteltitaniumplaza.com.tgg.com.co
www.labdhiprojects.com.labdhilife.com
www.labdhisearene.com.labdhilife.com
www.labdhiprojects.com.labdhilife.com
www.labdhisearene.com.labdhilife.com
vai-01545e3e0baee4037.ava.sa-east-1.amazonaws.com
*.ap-northeast-1.es.amazonaws.com
ac4ur6lgyetsfufh5nclfaclrm.ap-northeast-1.es.amazonaws.com
*.us-west-2.es.amazonaws.com
f2nbanzw4gpgbazbzpufdbkfga.us-west-2.es.amazonaws.com
*.ap-northeast-1.es.amazonaws.com
dsymgrr6acioxtkbncz22j7ojm.ap-northeast-1.es.amazonaws.com
vai-0c9e51b209f1d97af.ava.ap-northeast-1.amazonaws.com
vai-0e73d0034d34ddafa.ava.sa-east-1.amazonaws.com
*.ap-south-1.es.amazonaws.com
f6m76g3lrg3hfhbswegid7wqse.ap-south-1.es.amazonaws.com
vai-0f41892b999ead0b9.ava.ap-northeast-1.amazonaws.com
*.canaryf82183fca148.n9k4o8.c2.kafka.ca-central-1.amazonaws.com
*.iam.canaryf82183fca148.n9k4o8.c2.kafka.ca-central-1.amazonaws.com
*.iam2.canaryf82183fca148.n9k4o8.c2.kafka.ca-central-1.amazonaws.com
*.scram.canaryf82183fca148.n9k4o8.c2.kafka.ca-central-1.amazonaws.com
*.scram2.canaryf82183fca148.n9k4o8.c2.kafka.ca-central-1.amazonaws.com
*.tls.canaryf82183fca148.n9k4o8.c2.kafka.ca-central-1.amazonaws.com
*.tls2.canaryf82183fca148.n9k4o8.c2.kafka.ca-central-1.amazonaws.com
alt.canary.s3.ap-east-1.vpce.amazonaws.com
canary.s3.ap-east-1.vpce.amazonaws.com
alt.canary.s3.eu-west-3.vpce.amazonaws.com
canary.s3.eu-west-3.vpce.amazonaws.com
*.canary34142bb1757e.35a19c.c1.kafka.ca-central-1.amazonaws.com
*.iam.canary34142bb1757e.35a19c.c1.kafka.ca-central-1.amazonaws.com
*.iam2.canary34142bb1757e.35a19c.c1.kafka.ca-central-1.amazonaws.com
*.scram.canary34142bb1757e.35a19c.c1.kafka.ca-central-1.amazonaws.com
*.scram2.canary34142bb1757e.35a19c.c1.kafka.ca-central-1.amazonaws.com
*.tls.canary34142bb1757e.35a19c.c1.kafka.ca-central-1.amazonaws.com
*.tls2.canary34142bb1757e.35a19c.c1.kafka.ca-central-1.amazonaws.com
*.cfnlaunchpadcanaryt.enrhbc.c2.kafka.ca-central-1.amazonaws.com
*.iam.cfnlaunchpadcanaryt.enrhbc.c2.kafka.ca-central-1.amazonaws.com
*.iam2.cfnlaunchpadcanaryt.enrhbc.c2.kafka.ca-central-1.amazonaws.com
*.scram.cfnlaunchpadcanaryt.enrhbc.c2.kafka.ca-central-1.amazonaws.com
*.scram2.cfnlaunchpadcanaryt.enrhbc.c2.kafka.ca-central-1.amazonaws.com
*.tls.cfnlaunchpadcanaryt.enrhbc.c2.kafka.ca-central-1.amazonaws.com
*.tls2.cfnlaunchpadcanaryt.enrhbc.c2.kafka.ca-central-1.amazonaws.com
vai-01459afa7dc7ee302.ava.ap-south-1.amazonaws.com
*.canary4b6f537f99fb.qnratl.c2.kafka.ca-central-1.amazonaws.com
*.iam.canary4b6f537f99fb.qnratl.c2.kafka.ca-central-1.amazonaws.com
*.iam2.canary4b6f537f99fb.qnratl.c2.kafka.ca-central-1.amazonaws.com
*.scram.canary4b6f537f99fb.qnratl.c2.kafka.ca-central-1.amazonaws.com
*.scram2.canary4b6f537f99fb.qnratl.c2.kafka.ca-central-1.amazonaws.com
*.tls.canary4b6f537f99fb.qnratl.c2.kafka.ca-central-1.amazonaws.com
*.tls2.canary4b6f537f99fb.qnratl.c2.kafka.ca-central-1.amazonaws.com
alt.canary.s3.ap-southeast-3.vpce.amazonaws.com
canary.s3.ap-southeast-3.vpce.amazonaws.com
vai-088eddc137d8c8e60.ava.us-west-2.amazonaws.com
*.eu-west-2.es.amazonaws.com
o5kuluejlhpa66ftj5d2fmdqqq.eu-west-2.es.amazonaws.com
*.eu-west-2.es.amazonaws.com
l7e2bnapnbtl4dw2meeciuw53y.eu-west-2.es.amazonaws.com
*.eu-west-2.es.amazonaws.com
2n4lk5hujtdlreyr6ongdnepjy.eu-west-2.es.amazonaws.com
*.accesspoint.vpce-0505daca3f094c2fd-hueyzyqq-us-east-1a.s3.us-east-1.vpce.amazonaws.com
*.accesspoint.vpce-0505daca3f094c2fd-hueyzyqq-us-east-1b.s3.us-east-1.vpce.amazonaws.com
*.accesspoint.vpce-0505daca3f094c2fd-hueyzyqq-us-east-1c.s3.us-east-1.vpce.amazonaws.com
*.accesspoint.vpce-0505daca3f094c2fd-hueyzyqq-us-east-1d.s3.us-east-1.vpce.amazonaws.com
*.accesspoint.vpce-0505daca3f094c2fd-hueyzyqq-us-east-1e.s3.us-east-1.vpce.amazonaws.com
*.accesspoint.vpce-0505daca3f094c2fd-hueyzyqq-us-east-1f.s3.us-east-1.vpce.amazonaws.com
*.accesspoint.vpce-0505daca3f094c2fd-hueyzyqq.s3.us-east-1.vpce.amazonaws.com
*.bucket.vpce-0505daca3f094c2fd-hueyzyqq-us-east-1a.s3.us-east-1.vpce.amazonaws.com
*.bucket.vpce-0505daca3f094c2fd-hueyzyqq-us-east-1b.s3.us-east-1.vpce.amazonaws.com
*.bucket.vpce-0505daca3f094c2fd-hueyzyqq-us-east-1c.s3.us-east-1.vpce.amazonaws.com
*.bucket.vpce-0505daca3f094c2fd-hueyzyqq-us-east-1d.s3.us-east-1.vpce.amazonaws.com
*.bucket.vpce-0505daca3f094c2fd-hueyzyqq-us-east-1e.s3.us-east-1.vpce.amazonaws.com
*.bucket.vpce-0505daca3f094c2fd-hueyzyqq-us-east-1f.s3.us-east-1.vpce.amazonaws.com
*.bucket.vpce-0505daca3f094c2fd-hueyzyqq.s3.us-east-1.vpce.amazonaws.com
*.control.vpce-0505daca3f094c2fd-hueyzyqq-us-east-1a.s3.us-east-1.vpce.amazonaws.com
*.control.vpce-0505daca3f094c2fd-hueyzyqq-us-east-1b.s3.us-east-1.vpce.amazonaws.com
*.control.vpce-0505daca3f094c2fd-hueyzyqq-us-east-1c.s3.us-east-1.vpce.amazonaws.com
*.control.vpce-0505daca3f094c2fd-hueyzyqq-us-east-1d.s3.us-east-1.vpce.amazonaws.com
*.control.vpce-0505daca3f094c2fd-hueyzyqq-us-east-1e.s3.us-east-1.vpce.amazonaws.com
*.control.vpce-0505daca3f094c2fd-hueyzyqq-us-east-1f.s3.us-east-1.vpce.amazonaws.com
*.control.vpce-0505daca3f094c2fd-hueyzyqq.s3.us-east-1.vpce.amazonaws.com
bucket.vpce-0505daca3f094c2fd-hueyzyqq-us-east-1a.s3.us-east-1.vpce.amazonaws.com
bucket.vpce-0505daca3f094c2fd-hueyzyqq-us-east-1b.s3.us-east-1.vpce.amazonaws.com
bucket.vpce-0505daca3f094c2fd-hueyzyqq-us-east-1c.s3.us-east-1.vpce.amazonaws.com
bucket.vpce-0505daca3f094c2fd-hueyzyqq-us-east-1d.s3.us-east-1.vpce.amazonaws.com
bucket.vpce-0505daca3f094c2fd-hueyzyqq-us-east-1e.s3.us-east-1.vpce.amazonaws.com
bucket.vpce-0505daca3f094c2fd-hueyzyqq-us-east-1f.s3.us-east-1.vpce.amazonaws.com
bucket.vpce-0505daca3f094c2fd-hueyzyqq.s3.us-east-1.vpce.amazonaws.com
*.ap-northeast-1.es.amazonaws.com
hshnhtv6m4uemp5cj3do2frm7u.ap-northeast-1.es.amazonaws.com
*.ap-northeast-1.es.amazonaws.com
2j4vnrtpz56bcyekvk3h4xl564.ap-northeast-1.es.amazonaws.com
*.ap-southeast-3.es.amazonaws.com
5oe3uwpywm2dr2s5dq5ttwpcd4.ap-southeast-3.es.amazonaws.com
*.eu-west-2.es.amazonaws.com
v33g43slr6yuqkjp4mwojjopiq.eu-west-2.es.amazonaws.com
vai-0f4e898f92d558df6.ava.eu-west-1.amazonaws.com
alt.canary.s3.us-gov-east-1.vpce.amazonaws.com
canary.s3.us-gov-east-1.vpce.amazonaws.com
*.facebook.modularhomesinnc.com
www.marylandhighschool.com.bigsealfoundation.org
youla.yandex.pochta.rld9kfx28jnmbu2n.dyxvlpay.fenikshair.space
www.alcyon-hotel.com.prod.eliophot.fr
www.alcyon-hotel.com.prod.eliophot.fr
san-bernardino-county-court-portal.keolca.de
059879e5-b2e8-4f58-aa46-95f69d92aa34.random.onlinespielothek.eu
productcongroup.techskype.com
www.productcongroup.techskype.com
www.myprintdesk.net.admin-eportal.ing.secure.webmail.dozenvpn.ru
www.app.app.portal.app.archersettlement.com
www.voicesbypamela.com.legendoldies.com
www.amazinglyepic.com.gamegrapestudios.com
portal.www.eu.adamwaters.ennlive.org
certstories.test.netflix.net
www.www.portal.wwwportal.app.www.gartenkultur-neos-1c089c2d.gk01.cynova.dev
secure.admin.hostmaster.remote.entropyfi.cing.secure.webmail.dozenvpn.ru
shop.app.mail.ns2.adminlogin.lmail.dozenvpn.ru
portal.eylcrkwu.auth.login.ns.eofficeportal.ing.secure.dozenvpn.ru
portal.www.portal.app.pt4.forroboticredai-pune.ezbricks.codetools.in
portal.com.of.iftkaeok.64-227-108-172.cprapid.com
www.vonroyalemusic.com.roydigital.com
cpcontacts.support.ca.referralcode.ca
www.bigapplecollegefair.com
broman-oob0-test.bkln.gq1.yahoo.com
broman-oob0.bkln.gq1.yahoo.com
broman-oob1.bkln.bf1.yahoo.com
broman-oob1.bkln.gq1.yahoo.com
broman-oob1.bkln.ne1.yahoo.com
oob.brooklyn.ops.yahoo.com
test-oob-r7.bkln.gq1.yahoo.com
office.gmailvn.com
sky.apple-bread.info
amazon-temp-jobs-near-me.mehausmeisterservice.de
*.support-paypal.pages.dev
support-paypal.pages.dev
washington-county-twitter-scanner.keolca.de
www.oneworldonemilitary.com.serasihijau.com
susanblairbradfordgmail.com
www.parkus.com.au.bmmit.in
ww25.ww25.ww25.facebook.christineernstwriter.com
pay.sberbank.sber.avito.blablacar.xz5vjxqwfld2m7r.lamamine.com
www.pay.sberbank.sber.avito.blablacar.xz5vjxqwfld2m7r.lamamine.com
ww.e.net.app.xvwevlux.161-35-144-215.cprapid.com
www.podkrepa-fcw.org.xn--80abdkmh3afew3i.com
lautech.org.ng.cvbox.com.ng
www.lautech.org.ng.cvbox.com.ng
www.alyamahntelecom.com.halalcity.com.ng
portal.3www.wwwwwwwwwfgsjqacu.hippo.137.184.242.87.sslip.io
gitlab.mysql.support.textflow.ru
www.gitlab.mysql.support.textflow.ru
belicodespachante.com.br.imovel-araxa.online
www.belicodespachante.com.br.imovel-araxa.online
f15136a327d9.flex.pgmongo-dev.cosmos.windows-int.net
fc-d7d2cd657438-000.flex.pgmongo-dev.cosmos.windows-int.net
fc-d7d2cd657438-001.flex.pgmongo-dev.cosmos.windows-int.net
fc-d7d2cd657438-001.global.flex.pgmongo-dev.cosmos.windows-int.net
fc-d7d2cd657438-001.ro.global.flex.pgmongo-dev.cosmos.windows-int.net
mc-postgresql0114cloudtesbwvik.data.flex.pgmongo-dev.cosmos.windows-int.net
mc-postgresql0114cloudtesbwvik.data.global.flex.pgmongo-dev.cosmos.windows-int.net
mc-postgresql0114cloudtesbwvik.flex.pgmongo-dev.cosmos.windows-int.net
*.geo.redis.cache.windows.net
portal.www.www.awdoajwd.ennlive.org
pochta.sbermarket.ozon.sberbank.avito.avito.xhld0vgnmy5oypv.205.ensimpoc.com
*.ag-054d2ce.goats.shoot.live.k8s-hana.ondemand.com
gy7f65m6.dassteueronlineportal.de
sberbank.avito.yandex.sberbank.sberbank.pay.ryginmld1awo0ve.eip.ensimpoc.com
secure.phpmyadmin.lyncdiscover.gitlab.gitlab.webmail.edpro.site
www.parentpit.com.multiplewaystomusic.com
krakend-cb-925-add-allow-custom-questions-in-company.dev.jobteaser.net
sberbank.avito.yandex.sberbank.sberbank.pay.ryginmld1awo0ve.eip.ensimpoc.com
*.employees-login.com.admin-mcas-df.ms
*.employees-login.com.admin-mcas.ms
*.employees-login.com.mcas-df.ms
*.employees-login.com.mcas.ms
*.lifecycle-prober-prod-c2952942-2cee-4ac7-82c5-5c2292f75219.asia-northeast3.managedkafka.gmk-lifecycle-prober-prod-2.cloud.goog
guacamole162kenv.luminate-ws.mgmt-us-east4-kenv-dummy-remote-region.luminate-ci.com
best-furniture-stores-alexandria-va.dienstleistungundservice.de
*.scnblockchain.com
scnblockchain.com
www.imail-box.de
tlsreverse1336kenv.luminate-ws.mgmt-us-east4-kenv-dummy-remote-region.luminate-ci.com
tlsreverse1336kenv.luminate-ws.mgmt-us-east4-kenv-dummy-remote-region.luminate-ci.com
a041cfbb6037.flex.pgmongo-dev.cosmos.windows-int.net
fc-cbf5200b9949-000.flex.pgmongo-dev.cosmos.windows-int.net
fc-cbf5200b9949-000.global.flex.pgmongo-dev.cosmos.windows-int.net
fc-cbf5200b9949-000.ro.global.flex.pgmongo-dev.cosmos.windows-int.net
mc-postgresql0114cloudtesangjz.data.flex.pgmongo-dev.cosmos.windows-int.net
mc-postgresql0114cloudtesangjz.data.global.flex.pgmongo-dev.cosmos.windows-int.net
mc-postgresql0114cloudtesangjz.flex.pgmongo-dev.cosmos.windows-int.net
waws-prod-am2-22738e95.ftp.p.azurewebsites.windows.net
waws-prod-am2-22738e95.publish.p.azurewebsites.windows.net
*.geo.redis.cache.windows.net
acp-tests-selenium-sa.tools.us-east-1.authz.stage.cloudentity.io
portal.dpooewebmail.161-35-144-215.cprapid.com
sbermarket.sber.sbermegamarket.pochta.pay.avito.xhld0vgnmy5oypv.205.ensimpoc.com
pochta.sbermarket.ozon.sberbank.avito.avito.xhld0vgnmy5oypv.205.ensimpoc.com
aquarium-heater-walmart.blockchain-college.de
portal.www.cgqfdwww.webmail.161-35-144-215.cprapid.com
www.sberbank.pay.pay.avito.avito.wn6ljqld5aeart.wp.tuteeapp.com
*.geo.redis.cache.windows.net
waws-prod-sec-081fc4a2.api.p.azurewebsites.windows.net
app.wwwjp.d.ar.sasg.cloud.zleadblf.161-35-144-215.cprapid.com
www.thailonariel.com.thailonariel.com.br
ozon.youla.pochtabank.avito.avito.rlild000.000.000.ynhuayang.com
wquoghrc.kqrxtepw.ilogin.vodafone-guvenli-depo.gkny.fr
www.needlelacearts.com.survivalarchitecture.com
*.latest.facebook.com
latest.facebook.com
*.latest.facebook.com
travaillerchezbejo-fr.gotenberg.production.bejo-com.de3.amazee.io
bejo-es.gotenberg.production.bejo-com.de3.amazee.io
bejoindonesia-com.gotenberg.production.bejo-com.de3.amazee.io
bejo-com.gotenberg.production.bejo-com.de3.amazee.io
device-local-f6dc9029-d014-41cf-bc18-d93ec557497a.remotewd.com
www.macachantest.com.soportespara.org
vhscl.flatratewebsupport.com
portal-e2e-mysql-primary-de-2025114-245037865.mysql.database.azure.com
tformallbrnd61244a013e.zendesk.com
support.cignains.com
issuer-moica-manager-uat.wallet.gov.tw
www.yakimacommunityband.org.flutetroupeofyakima.org
testbilling.cool-telecom.com
www.merchantcfoservices.com
hrz4gtvflckdt6fb55iosr7you.eu-west-1.es-staging.amazonaws.com
*.accesspoint.vpce-004c24c878098bea3-9cdt19de-us-west-1a.s3.us-west-1.vpce.amazonaws.com
*.accesspoint.vpce-004c24c878098bea3-9cdt19de-us-west-1b.s3.us-west-1.vpce.amazonaws.com
*.accesspoint.vpce-004c24c878098bea3-9cdt19de.s3.us-west-1.vpce.amazonaws.com
*.bucket.vpce-004c24c878098bea3-9cdt19de-us-west-1a.s3.us-west-1.vpce.amazonaws.com
*.bucket.vpce-004c24c878098bea3-9cdt19de-us-west-1b.s3.us-west-1.vpce.amazonaws.com
auto-s732614mzi7-pbi-kv-HttpsZoned1.zd1.w.api.fabric.microsoft-int.com
wwnz-keycloak-dev-db-3e7e7022.postgres.database.azure.com
*.sbzh4yqdhhakqxc.westus2.atlas.cloudapp.azure.com
sbzh4yqdhhakqxc.westus2.atlas.cloudapp.azure.com
*.sbzegttjwmxabfj.germanynorth.atlas.cloudapp.azure.com
sbzegttjwmxabfj.germanynorth.atlas.cloudapp.azure.com
*.sbzi1h7c8wkizbj.westus.atlas.cloudapp.azure.com
sbzi1h7c8wkizbj.westus.atlas.cloudapp.azure.com
auto-s732617ma7-pbi-kv-HttpsZoneef.zef.w.api.fabric.microsoft-int.com
ea9f8611191736.southcentralus.airflow.svc.datafactory.azure.com
auto-s732616mi0-pbi-kv-HttpsZonef0.zf0.w.api.fabric.microsoft-int.com
*.sbzumcadcqk66y6.italynorth.atlas.cloudapp.azure.com
sbzumcadcqk66y6.italynorth.atlas.cloudapp.azure.com
auto-s732607m0-pbi-kv-HttpsZone50.z50.w.api.fabric.microsoft-int.com
*.sbznvjjxki3maiq.eastus2euap.atlas.cloudapp.azure.com
sbznvjjxki3maiq.eastus2euap.atlas.cloudapp.azure.com
*.sbzt24bcli5bvx6.westus2.atlas.cloudapp.azure.com
sbzt24bcli5bvx6.westus2.atlas.cloudapp.azure.com
*.blue-chiptelegram-tonoticetoday.info
blue-chiptelegram-tonoticetoday.info
usps.com-ohjdnh.top
telegram.hypurr.fun
kws5.telegram.zindex.eu.org
kws5.telegram.zindex.eu.org
kws5.telegram.zindex.eu.org
www.telegrampets.com
www.telegrampets.com
ww25.ww25.random.telegram-premium.online
web.teiegram.com
telegram.4gq.xyz
*.telegram.com.tc
telegram.com.tc
*.telegraml.in
telegraml.in
www.home-care-70344.bond
mudhila.sa
www.mudhila.sa
mds-k45h25sanqtrk.eastus2.cloudapp.azure.com
locus.pcampus.edu.np
*.scubaray.sly-1.nl
anlapphat.com.vn
www.anlapphat.com.vn
www.store.melodram.de
anlapphat.com.vn
www.anlapphat.com.vn
www.i-hacking.com
www.parceltracker.com
www.cluster.ranking.social
doc.kosc-telecom.net
sanderling-preprod.flyziplinedev.com
sanderling-preprod.flyziplinedev.com
*.infinitelegacycrypto.com
infinitelegacycrypto.com
mysql.backend.channing.de
*.telegraph-image-muf.pages.dev
telegraph-image-muf.pages.dev
www.premiumsnapchat949.fashion.blog
premiumsnapchat949.fashion.blog
standing-host.fr
www.standing-host.fr
sanderling-preprod.flyziplinedev.com
*.infinitelegacycrypto.com
infinitelegacycrypto.com
mailing.quimica.unlp.edu.ar
*.infinitelegacycrypto.com
infinitelegacycrypto.com
www.dapplist.cointelegraph.com
api.heading.pro
api.heading.pro
www.healing.prestigeart.ro
mailing.quimica.unlp.edu.ar
*.fexparcel.com
fexparcel.com
fexparcel.com.mymoneycooperation-ua.com
www.fexparcel.com.mymoneycooperation-ua.com
*.fexparcel.com
fexparcel.com
fexparcel.com.mymoneycooperation-ua.com
www.fexparcel.com.mymoneycooperation-ua.com
bushtelegraf.co.za
mail.bushtelegraf.co.za
www.bushtelegraf.co.za
en.site195.tangram-studio.com
ru.site195.tangram-studio.com
uk.site195.tangram-studio.com
www.en.site195.tangram-studio.com
www.ru.site195.tangram-studio.com
www.uk.site195.tangram-studio.com
en.site195.tangram-studio.com
ru.site195.tangram-studio.com
uk.site195.tangram-studio.com
www.en.site195.tangram-studio.com
www.ru.site195.tangram-studio.com
www.uk.site195.tangram-studio.com
b2bservice.telekom-registrar-test.de
b2bservice.telekom-registrar-test.de
b2bservice.telekom-domains-test.de
b2bservice.telekom-registrar-test.de
mail.telekom-domains-test.de
mail.telekom-registrar-test.de
rdap.telekom-registrar-test.de
webwhois.telekom-registrar-test.de
whois.telekom-registrar-test.de
www.telekom-domains-test.de
www.telekom-registrar-test.de
*.unichat-app-master.pages.dev
unichat-app-master.pages.dev
pcdown91.telegrarndown936.com
tgdown91.telegrarndown936.com
*.telleroo.com
*.telleroo.com
b2bservice.telekom-registrar-test.de
b2bservice.telekom-domains-test.de
b2bservice.telekom-registrar-test.de
mail.telekom-domains-test.de
mail.telekom-registrar-test.de
rdap.telekom-registrar-test.de
webwhois.telekom-registrar-test.de
whois.telekom-registrar-test.de
www.telekom-domains-test.de
www.telekom-registrar-test.de
practical-hawking.109-109-132-212.plesk.page
www.practical-hawking.109-109-132-212.plesk.page
practical-hawking.109-109-132-212.plesk.page
www.practical-hawking.109-109-132-212.plesk.page
*.relhroom.com
relhroom.com
labeling-jobs-80136.bond
bushtelegraf.co.za
sezek-holding.de
booked.cepegra.eu
www.booked.cepegra.eu
www.sezek-holding.de
handi-spositif.fr
appupdate.kuanrke.com
appupdate.kuanrke.com
sanderling-preprod.flyziplinedev.com
labeling-jobs-80136.bond
pcdown91.telegrarndown936.com
tgdown91.telegrarndown936.com
practical-hawking.109-109-132-212.plesk.page
www.practical-hawking.109-109-132-212.plesk.page
www.pteleganttextileindustry.com
tracy-branding.photographybydelaney.com
www.tracy-branding.photographybydelaney.com
*.chiasetelegram.vn
chiasetelegram.vn
sezek-holding.de
morgansparcels.co.uk
morgansparcels.co.uk
morgansparcels.co.uk
telegraf-t44.ams1907.com
telegraf-t46.ams1907.com
telegraf-t47.ams1907.com
mlrxanzd.globalsolutions.telegonica.com
mlrxanzd.globalsolutions.telegonica.com
terega.indaba.api.alias.indasuite.io-base.com
www.api.krapchan.com
handleiding.jorzwa.nl
dlc-telecom.com
www.dlc-telecom.com
sitemaps.strpchzt.com
*.cuddly-octo-telegram88357.pages.dev
cuddly-octo-telegram88357.pages.dev
qeandlong.com
upppu.net
aichat.pro
aichat.pro
mailing-master.softliste.de
*.anqing-vip.com
anqing-vip.com
livechat-avchat.com
www.livechat-avchat.com
capri-telecom-sl.sophia-servicios.es
wax-snapshots.blokcrafters.io
sanderling-preprod.flyziplinedev.com
1.banking-review.rho.coherencesites.com
e2e-a6896da8bca93cae8d715d490a06b1d6b9f5.banking-review.rho.coherencesites.com
feature-eng-15983.banking-review.rho.coherencesites.com
banking-germany.de
www.banking-germany.de
www.candleking.in
labeling-jobs-37208.bond
meet.anyline.com
*.mailing.qconsulting.fr
mailing.qconsulting.fr
fr.evolutionary-healing.net
*.wandering-dust-ec85.841982263.workers.dev
*.telegramgroup.com.hk
telegramgroup.com.hk
ieosh.kraus-telecom.de
uspsusa-us.top
img.catalog.teleglobe.ca
getparcel.ru
www.getparcel.ru
*.literate-octo-telegram679061.pages.dev
literate-octo-telegram679061.pages.dev
telegram.marslee.pe.kr
salesroom.kgue3q6cuuyzm-main-bvxea6i.de-2.tst.site
www.factoryandhandlingsolutions.co.uk
group.meijer-handling-solutions.com
meijer-handling-solutions.com
metal.meijer-handling-solutions.com
www.meijer-handling-solutions.com
branding-na1.emarketer.com.iimraipurlibrary.remotexs.in
branding.emarketer.com.iimraipurlibrary.remotexs.in
*.wandering-hall-de21.miikruskg.workers.dev
telegram.marslee.pe.kr
edge-sg0.telegramindex.com
telegram.marslee.pe.kr
de70f79172e7.landingo.app
edge-sg0.telegramindex.com
staging-3-78-247-81.services.verigram.cloud
staging-3-78-247-81.services.verigram.cloud
dd-updatet.top
snapchatpremium162.fashion.blog
www.snapchatpremium162.fashion.blog
*.ingridverbeiren-mailing.be
ingridverbeiren-mailing.be
*.ingridverbeiren-mailing.be
ingridverbeiren-mailing.be
dms-poct-api-prod.banting.lblw.cloud
mailing.wsm24.com.pl
www.mailing.wsm24.com.pl
*.ingridverbeiren-mailing.be
ingridverbeiren-mailing.be
*.allegra-krstarenja.workers.dev
allegra-krstarenja.workers.dev
www1.static.us.pbx.telecom.domnia.io
kommunikatives-handeln.de
www.kommunikatives-handeln.de
telegram.marslee.pe.kr
www.snach-wash.fr
www.rds1.towerroom.com
*.ecsweb-form-handler.greenoswaldo23.workers.dev
simposiocea.biolab.uspceu.com
*.falling-haze-5cd5.jawora72862699.workers.dev
*.worker-falling-lake-0136.likun9452.workers.dev
*.telegramvip-adults-womaninusa.pages.dev
telegramvip-adults-womaninusa.pages.dev
attentuspsychiatry.com.au
www.attentuspsychiatry.com.au
www.store.nascha-russia.de
www.m.binding.pro
landings.emailing.altavia-group.com
*.ka-telegrem.link
ka-telegrem.link
jsnapshot.photography
jsnapshot.photography
mail.translandparcels.com
mail.translandparcels.com
mailing.tjajal.org
www.mailing.tjajal.org
www.attentuspsychiatry.com.au
landings.emailing.altavia-group.com
attentuspsychiatry.com.au
factoring-ranking.com
www.factoring-ranking.com
www.attentuspsychiatry.com.au
panel.telegramic.com
securitytrackparcel.info
www.securitytrackparcel.info
securitytrackparcel.info
www.securitytrackparcel.info
repository.sspu.edu.ua
*.telegraph-image-d59.pages.dev
telegraph-image-d59.pages.dev
ww38.the-haunting-of-hell-hole-mine.pelisplusgo.org
repository.sspu.edu.ua
comparateur-rachat-credit.oukoi.com
mailing.tjajal.org
www.mailing.tjajal.org
repository.sspu.edu.ua
staging-cupra-preview.porsche-holding.com
www.wwwwwwwwwwwglpi.snatch-it.ru
wwwwwwwwwwwglpi.snatch-it.ru
www.wwwwwwwwwwwglpi.snatch-it.ru
wwwwwwwwwwwglpi.snatch-it.ru
repository.sspu.edu.ua
www.repository.sspu.edu.ua
seegras-strandgut.de
deploy-6e6b2ddf-1736864717037.uat-trap.prod.tap.telekom.de
deploy-6e6b2ddf.uat-trap.prod.tap.telekom.de
*.telegraph-image-7ul.pages.dev
telegraph-image-7ul.pages.dev
prelive-v2-infopoint-preview.porsche-holding.com
funding.paykoncept.com
www.funding.paykoncept.com
*.telegraph-image-d59.pages.dev
telegraph-image-d59.pages.dev
prelive-v2-infopoint-preview.porsche-holding.com
www.healing.coconutcountryliving.com
www.healing.coconutcountryliving.com
repository.sspu.edu.ua
www.repository.sspu.edu.ua
prelive-v2-infopoint-preview.porsche-holding.com
sanderling-preprod.flyziplinedev.com
prelive-v2-infopoint-preview.porsche-holding.com
deploy-ba54c6ee-1736864712746.uat-trap.prod.tap.telekom.de
deploy-ba54c6ee.uat-trap.prod.tap.telekom.de
parceltracker.com
parceltracker.com
for.spsp.com.br
grafana.spsp.com.br
plus.spsp.com.br
spsp.com.br
www.spsp.com.br
for.spsp.com.br
grafana.spsp.com.br
plus.spsp.com.br
spsp.com.br
www.spsp.com.br
www.store.nascha-russia.de
www.store.nascha-russia.de
alegra.lt
www.alegra.lt
sanderling-preprod.flyziplinedev.com
dazzling-gates.54-84-69-165.plesk.page
www.miembros.mailing.co.uk
www.miembros.mailing.co.uk
www.notexistsgalileo.teletrek.com
www.notexistsgalileo.teletrek.com
*.ka-telegrem.in
ka-telegrem.in
zimbra.telegramata.com
www.intranet.kinder-der-nacht-home.de
www.intranet.kinder-der-nacht-home.de
*.ka-telegrem.in
ka-telegrem.in
*.mancing-jp.online
mancing-jp.online
deploy-ba54c6ee-1736864712746.uat-trap.prod.tap.telekom.de
deploy-ba54c6ee.uat-trap.prod.tap.telekom.de
*.dellvery-parcels-upservices.com
dellvery-parcels-upservices.com
hajdina.si
www.hajdina.si
hajdina.si
www.hajdina.si
pa1706010142106.mandolins.info
www.pa1706010142106.mandolins.info
swap.cat
portal.chat.support.targetvtelegram.mrqz.me
admin.nacha.org
banking-business-review.com
nextgram.hotfileindex.com
admin.nacha.org
banking-business-review.com
www.waterproofing-lansing.com
prometheus.gc-stem-picker-labeling.robovision.ai
trap-dotnet-razor-example-1736865891518.trap.prod.tap.telekom.de
trap-dotnet-razor-example.trap.prod.tap.telekom.de
salesroom.7vwquhpx3xkvs-main-bvxea6i.de-2.tst.site
ww12.uk-gambling.co
abc-aircraft-branding.com
sailing.laserinternational.org
www.sailing.laserinternational.org
sanderling-preprod.flyziplinedev.com
*.banking.blucurrent.org
banking.blucurrent.org
*.teleqram.pics
teleqram.pics
*.telegramad.ir
telegramad.ir
pr.labeling-jobs-58066.bond
ussd.iranjewish.com
ussd.iranjewish.com
app-based-vending-machine.league13.info
*.teleqram.pics
teleqram.pics
usps-ksas.top
*.telegram-ghost-campaign.tc-484.workers.dev
*.telegramad.ir
telegramad.ir
*.telegramad.ir
telegramad.ir
shop.intelegent.shop
intranet.intelegent.shop
data.banking.cd
data.banking.cd
*.telegarm.space
telegarm.space
*.falling-smoke-3e21.2016500832.workers.dev
portal.intelegent.shop
dex.gcp-tst.dev.tap.telekom.de
*.telegram-ghost-blog.tc-484.workers.dev
*.telegram-ghost-blog.tc-484.workers.dev
*.xn--migrnbehandlingar-tqb.se
xn--migrnbehandlingar-tqb.se
store.intelegent.shop
matous-tele.com
www.matous-tele.com
*.wandering-bonus-1857.3438877622.workers.dev
*.upgraded-octo-telegram7990.pages.dev
upgraded-octo-telegram7990.pages.dev
*.telegrm.network
telegrm.network
air-parcel.de
www.air-parcel.de
sanderling-preprod.flyziplinedev.com
intranet.phagen-behandlung.de
*.telegarm.click
telegarm.click
api.r-telecom.ru
hardings.blog
www.hardings.blog
9006f67b.git.git.cn.xn--notariat-mdling-itb.at
9006f67b.git.git.cn.xn--notariat-mdling-itb.at
imap.dns2.pirata-telecom.es
kubernetes-dashboard.gcp-tst.dev.tap.telekom.de
salesroom.6c5zpd3taf2we-main-bvxea6i.de-2.tst.site
api.r-telecom.ru
*.myparcel-gb-package-depot.com
myparcel-gb-package-depot.com
shop.shanlin.shop
autoconfig.headline-heroes.com
autodiscover.headline-heroes.com
727eaab6-dd3f-4ce9-8b63-642b318f9ef7.vending.investments
*.telegarm.plus
telegarm.plus
*.myparcel-gb-package-depot.com
myparcel-gb-package-depot.com
shop.shanlin.shop
sanderling-preprod.flyziplinedev.com
*.telegrafo.gt
telegrafo.gt
portal.shanlin.shop
sanderling-preprod.flyziplinedev.com
snapboats.com
shop.shanlin.shop
ig.emails.afm-telethon.fr
ig.news.afm-telethon.fr
branding.ichars.com
test-groupcms-go.porsche-holding.com
test-groupcms-go.porsche-holding.com
go.dichvutelegram.net
sanderling-preprod.flyziplinedev.com
landingc.3cx.uk
www.premiumsnapchat991.fashion.blog
premiumsnapchat991.fashion.blog
telecom.plusweb.pro
www.telecom.plusweb.pro
test-groupcms-go.porsche-holding.com
*.tangbing.direct.quickconnect.to
tangbing.direct.quickconnect.to
petitelegance.ca
www.petitelegance.ca
*.jennifer-testing-falling-arrows.pages.dev
jennifer-testing-falling-arrows.pages.dev
*.teleqram.makeup
teleqram.makeup
*.telegarm.makeup
telegarm.makeup
parcely-slapy.cz
www.parcely-slapy.cz
parcely-slapy.cz
www.parcely-slapy.cz
sanderling-preprod.flyziplinedev.com
www.snach-wash.fr
techshow.fr
ivc-xx06.n.vpn.inside.telstra.com
ivc-xx06.vpn.inside.telstra.com
ivc-xx06.n.vpn.inside.telstra.com
ivc-xx06.vpn.inside.telstra.com
landing3.testeos.agency
www.mailing.mercadosdesegurosmedicos.com
*.falling-waterfall-1eb8.61k1wqg1p.workers.dev
ussp.profaust.com
smtp2.die-nacht.fr
*.telegarm.institute
telegarm.institute
www.relegram.pardicsys.ir
*.teleqram.makeup
teleqram.makeup
hetare.sexgroom.com
prelive-v2-infopoint-preview.porsche-holding.com
funding.paykoncept.com
www.funding.paykoncept.com
bewusstes-handeln.de
www.bewusstes-handeln.de
*.ka-telegrem.in
ka-telegrem.in
*.hanmin.synology.me
hanmin.synology.me
www.quickrelease-lending.com
haixing-cdn-dsp.gaoyangcloud.net
labeling-jobs-68771.bond
ranking-a2z.com
www.ranking-a2z.com
*.worker-falling-hat-68bc.aumnamaah.workers.dev
*.teleqram.qpon
teleqram.qpon
labeling-jobs-51586.bond
labeling-jobs-37941.bond
www.snappyai.net
mailing.bildungsklick.de
www.snappyai.net
art-of-gambling.com
www.art-of-gambling.com
bouche-trous.letelegramme.fr
annettelegacybuilder.com
www.laeding.com
portal.eruditelegal.com.au
*.admin.upsdev-use1-146.space.prod.a0core.net
*.admin.upsdev.space.prod.a0core.net
upsdev-use1-146.space.prod.a0core.net
upsdev.space.prod.a0core.net
*.hosting.mayling.design
hosting.mayling.design
mayling.design
ww38.alpha.pfpchat.com
*.vip1telegramxforsex.pages.dev
vip1telegramxforsex.pages.dev
carding.bio
www.carding.bio
app.managing.pro
managing.pro
*.prosam-parcels-sk.pages.dev
prosam-parcels-sk.pages.dev
www.managing.pro
www.sports-gambling.co
ww25.hostmaster.handwaving.net
dev-online-shops-preview.porsche-holding.com
dev-online-shops-preview.porsche-holding.com
vfs-democtt.telerion.com
tereerad.com
*.handlac.com
handlac.com
qigwpnlsc.mailing.com.br
*.falling-limit-1d31.734933034.workers.dev
sanderling-preprod.flyziplinedev.com
www.hundlife.com
bluepos-ussd.pagetrustgh.com
pl.update-11-07-24.ipma-shop.dev.greenparrot.pl
sascha2.mycloudnas.com
*.telegraphheaven.com
telegraphheaven.com
enepagow.danring.org
*.admin.upsdev-use1-146.space.prod.a0core.net
*.admin.upsdev.space.prod.a0core.net
upsdev-use1-146.space.prod.a0core.net
upsdev.space.prod.a0core.net
vertex-com.telerion.net
*.falling-truth-9d98.89iy7ick.workers.dev
sp9.xyz
1drv.yunling.eu.org
yunling.eu.org
*.elegias.com
elegias.com
*.falling-truth-9d98.89iy7ick.workers.dev
1drv.yunling.eu.org
yunling.eu.org
*.telegram.one
telegram.one
vertex-mdtel.telerion.net
telefax.by
www.telefax.by
tereerad.com
www.value-holding.de
2697-setting-up-adding-consular-fee-to-basket.konsulprime.aic.ru
vfsconnect.telerion.app
www.click.henning-krautmacher.de
www.click.henning-krautmacher.de
theshow-miami.com
gunling.lnshgh.com
gunling.lnshgh.com
bouche-trous.letelegramme.fr
mailing.alpheios.nl
enepagow.danring.org
*.xn--dgnbehandling-bnb.dk
xn--dgnbehandling-bnb.dk
www.startup-funding-application11.de
*.telegram.one
telegram.one
eprint.atb-bandung.ac.id
www.theshow-miami.com
lightelegance.eu
www.lightelegance.eu
apichat.terraopen.ai
telegramran.com
telegramran.com
inst.lasercapital-funding.com
media.telecom.e-dinar.io
mx.www.labeling-jobs-26196.bond
*.telegram.one
telegram.one
enepagow.danring.org
*.xn--dgnbehandling-bnb.dk
xn--dgnbehandling-bnb.dk
mailing.alpheios.nl
inst.lasercapital-funding.com
trap-java-spring-example-1736866799306.trap.prod.tap.telekom.de
trap-java-spring-example.trap.prod.tap.telekom.de
*.hanlon.buzz
hanlon.buzz
aha-sailing.com
www.aha-sailing.com
aha-sailing.com
www.aha-sailing.com
snatch.howtosaveenergy.com
aha-sailing.com
www.aha-sailing.com
pochtabank.avito.johankod201.sexgroom.com
aha-sailing.com
www.aha-sailing.com
lending.rigin.net
lending.rigin.net
sbermarket.avito.johankod201.sexgroom.com
healing-with-feelings.ch
www.healing-with-feelings.ch
nalozhka.avito.johankod201.sexgroom.com
ww12.sealcoat.org
viral-telegram-2023-7018.my-url.art
handgun.me
ww38.handblog.online
telecom.1hp.co
ww38.handblog.online
halin.le7-perigueux.com
langing.develop.jozz.services
sber.avito.johankod201.sexgroom.com
ww12.sealcoat.org
halin.le7-perigueux.com
langing.develop.jozz.services
sbermegamarket.avito.johankod201.sexgroom.com
*.panoramaparcels.com
panoramaparcels.com
*.anbchat.com
anbchat.com
snapgpt.app
www.snapgpt.app
main.apsdp.ac.cn
halin.le7-perigueux.com
*.panoramaparcels.com
panoramaparcels.com
www.apps2.cuddling.de
ww38.handblog.online
telecom.1hp.co
www.ww1.e-branding.eu
data.achat-chateaux.info
connect-gts-de-1-ui.erjufp1-wp31-sandbox.lila.dih.telekom.com
www.apps2.cuddling.de
web.parcelmarker.com
landings.univers-du-badge.com
landings.couverture.cpl-batiment.fr
*.wandering-violet-f40c.mehdisabzali.workers.dev
www.shop.teleprofi-shop.de
healing.group
web.parcelmarker.com
landings.univers-du-badge.com
eye.mailing.groupama-immobilier.fr
forms.mailing.groupama-immobilier.fr
img.mailing.groupama-immobilier.fr
landings.mailing.groupama-immobilier.fr
web.parcelmarker.com
landings.couverture.cpl-batiment.fr
landings.news-mediscope.fr
usps-ysuz.shop
landings.news-mediscope.fr
eye.mailing.groupama-immobilier.fr
forms.mailing.groupama-immobilier.fr
img.mailing.groupama-immobilier.fr
landings.mailing.groupama-immobilier.fr
old.go.handson.com.au
landings.prestataire.fmb-entreprises.com
www.store.elegua.de
sanderling-preprod.flyziplinedev.com
usps-yvta.shop
data.achat-chateaux.info
data.achat-chateaux.info
*.zg56-nanping.cn
zg56-nanping.cn
*.hello-world-wandering-river-cbcf.tfdfdmfidfvgxlcc.workers.dev
connect-gts-de-1-ui.erjufp1-wp31-sandbox.lila.dih.telekom.com
www.skipsykologbehandling.no
*.falling-block-8526.amir1290f13402.workers.dev
app.hunting.the.monster
api.db-bailey-err-handling.qa.assetwatch.com
sanderling-preprod.flyziplinedev.com
*.falling-recipe-4b1f.wvzr42jg.workers.dev
api.db-bailey-err-handling.qa.assetwatch.com
usps-etupou.top.us
mail.kundebehandling.com
www.kundebehandling.com
usps-etupou.top.us
landingc.ar.3cx.us
whm.mailing.jacsice.in
landingc.ar.3cx.us
telefilm.os4techno.com
telefilm.os4techno.com
devrie.eu
superpromo.telecua.net
www.superpromo.telecua.net
*.peyton-manning.david-0319.workers.dev
*.wandering-sky-d355.mhzmitra.workers.dev
*.livejasmin-sexchat.ch
livejasmin-sexchat.ch
*.vending.nedschroef.cat
vending.nedschroef.cat
www.bending-machines.com
api.db-bailey-err-handling.qa.assetwatch.com
api.metagram.shop
shop.metagram.shop
healing-angels-reiki.com
www.healing-angels-reiki.com
*.db-bailey-err-handling.qa.assetwatch.com
db-bailey-err-handling.qa.assetwatch.com
store.metagram.shop
