*.teleglist.guru
teleglist.guru
*.telegrove.autos
telegrove.autos
*.telegamrn.cam
telegamrn.cam
*.telegrgno.pro
telegrgno.pro
*.telegrove.quest
*.telegrbng.quest
telegrbng.quest
robotelegram.com.br
*.telegrupg.guru
telegrupg.guru
*.telegrgon.xin
telegrgon.xin
*.telegatew.live
telegatew.live
*.teleguide.icu
teleguide.icu
*.telegrgno.my
telegrgno.my
*.telegrbnp.guru
telegrbnp.guru
*.telegrbnp.cyou
telegrbnp.cyou
*.telegrupg.world
telegrupg.world
hps.cz-telegram.com
pfy-telegram.org
ply-telegram.com
telegram-tbs.com
telegram-tcs.com
*.telegland.icu
telegland.icu
*.telegifts.bond
telegifts.bond
*.telegleno.hair
telegleno.hair
*.telegrung.lol
telegrung.lol
*.teleguide.live
teleguide.live
*.telegrung.help
telegrung.help
*.telegrung.autos
telegrung.autos
*.telegrgno.pro
telegrgno.pro
*.telegroup.baby
telegroup.baby
*.telegamrn.cam
telegamrn.cam
*.telegrgon.space
telegrgon.space
*.telegrowl.store
telegrowl.store
*.telegrbng.baby
telegrbng.baby
*.telegifts.baby
telegifts.baby
*.telegames.baby
telegames.baby
*.telegifts.baby
telegifts.baby
*.telegrbng.baby
telegrbng.baby
w3.teleglobal.in
*.usc-usps.com.cn
usc-usps.com.cn
*.teleglobe.icu
teleglobe.icu
*.telegrbo.asia
telegrbo.asia
*.telegrbo.bond
telegrbo.bond
*.telegifts.baby
telegifts.baby
*.telegrgon.mom
telegrgon.mom
*.telegrail.mom
telegrail.mom
telegnram.boutique
*.telegrbo.asia
telegrbo.asia
stofbehandlingen.dk
*.telegland.baby
telegland.baby
telegleno.boutique
cointelegraph.com
cointelegraph.com
*.telegrupg.life
telegrupg.life
*.telegrupg.life
telegrupg.life
*.telegrail.mom
telegrail.mom
*.telegrnug.live
telegrnug.live
*.telegrail.sbs
telegrail.sbs
*.telegrnug.live
telegrnug.live
*.telegrnug.autos
telegrnug.autos
*.telegrung.store
telegrung.store
*.telegrbp.help
telegrbp.help
*.teleglist.space
teleglist.space
*.teleglide.today
teleglide.today
*.telegreat.watch
telegreat.watch
crmtelegram.cloud
*.telegamrn.help
telegamrn.help
*.telegrbo.watch
telegrbo.watch
*.telegroup.autos
telegroup.autos
*.teleguide.icu
teleguide.icu
*.telegrgno.my
telegrgno.my
*.telegifts.help
telegifts.help
*.telegleno.help
telegleno.help
*.telegifts.boats
telegifts.boats
*.telegleno.help
telegleno.help
eleganzabrasil.com
*.telegifts.boats
telegifts.boats
*.telegrnug.my
telegrnug.my
*.telegleno.help
telegleno.help
*.telegrove.space
telegrove.space
*.telegrbnp.watch
telegrbnp.watch
*.teleglist.today
teleglist.today
*.telegrupg.pro
telegrupg.pro
*.telegrupg.run
telegrupg.run
elegancepr.com
www.elegancepr.com
*.telegarny.skin
telegarny.skin
*.telegrail.guru
telegrail.guru
*.telegrail.guru
telegrail.guru
www.elegancepr.com
elegancepr.com
*.telegrail.guru
telegrail.guru
*.telegamrn.shop
telegamrn.shop
elegancepr.com
www.elegancepr.com
*.telegrnug.xyz
telegrnug.xyz
*.telegames.live
telegames.live
*.teleguide.world
teleguide.world
*.telegarny.makeup
telegarny.makeup
*.telegrail.guru
telegrail.guru
*.telegifts.baby
telegifts.baby
*.telegrbng.baby
telegrbng.baby
*.telegroup.baby
telegroup.baby
*.telegames.live
telegames.live
*.teleglobe.today
teleglobe.today
*.telegarny.makeup
telegarny.makeup
*.telegleno.run
telegleno.run
*.telegarny.makeup
telegarny.makeup
*.teleglobe.today
teleglobe.today
*.telegamrn.shop
telegamrn.shop
*.telegrail.guru
telegrail.guru
*.telegland.buzz
telegland.buzz
*.telegamrn.guru
telegamrn.guru
*.telegleno.run
telegleno.run
*.teleguide.world
teleguide.world
*.telegarny.makeup
telegarny.makeup
*.teleglobe.today
teleglobe.today
*.telegrail.mom
telegrail.mom
*.teleguide.world
teleguide.world
*.telegrgbn.baby
telegrgbn.baby
*.telegrbp.today
telegrbp.today
*.teleglobe.space
teleglobe.space
elegancia.club
www.elegancia.club
*.teleglobe.today
teleglobe.today
*.telegland.hair
telegland.hair
*.telegleno.run
telegleno.run
*.teleglobe.today
teleglobe.today
*.telegarny.makeup
telegarny.makeup
*.telegrnug.baby
telegrnug.baby
*.telegrbng.today
telegrbng.today
www.ideelegal.com
*.telegrbng.live
telegrbng.live
*.telegrbnp.icu
telegrbnp.icu
*.telegrbnp.icu
telegrbnp.icu
*.telegrowl.autos
telegrowl.autos
*.telegrnug.beauty
telegrnug.beauty
*.telegland.shop
telegland.shop
*.telegrnug.beauty
telegrnug.beauty
*.telegrgon.beauty
telegrgon.beauty
*.mail2telegram.any0host.workers.dev
*.telegleno.business
telegleno.business
*.telegainy.run
telegainy.run
*.telegainy.run
telegainy.run
*.golostelegram.online
golostelegram.online
*.telegnram.top
telegnram.top
*.telegramarbibot.pages.dev
telegramarbibot.pages.dev
*.telegramarbibot.pages.dev
telegramarbibot.pages.dev
*.telegleno.business
telegleno.business
*.telegramarbibot.pages.dev
telegramarbibot.pages.dev
*.tellegram.tech
tellegram.tech
*.telegleno.autos
telegleno.autos
*.telegrbp.store
telegrbp.store
*.telegrbp.store
telegrbp.store
*.telegrguo.rent
telegrguo.rent
*.telegrgon.beauty
telegrgon.beauty
*.telegrgon.beauty
telegrgon.beauty
*.telegland.shop
telegland.shop
*.golostelegram.online
golostelegram.online
*.telegramindex-fork.pages.dev
telegramindex-fork.pages.dev
*.telegatew.buzz
telegatew.buzz
*.telegarny.my
telegarny.my
*.telegmanr.pro
telegmanr.pro
*.telegrbp.store
*.telegroup.life
telegroup.life
*.telegripz.guru
telegripz.guru
*.telegrbo.store
telegrbo.store
*.telegapps.com
telegapps.com
*.telegrupg.lol
telegrupg.lol
*.teiegram-tuk.org
teiegram-tuk.org
*.teiegram-tuk.org
teiegram-tuk.org
*.telegrupg.lol
telegrupg.lol
*.teiegram-tuk.org
teiegram-tuk.org
*.telegrgno.cyou
telegrgno.cyou
*.teiegram-tuk.org
teiegram-tuk.org
*.telegrbng.cyou
telegrbng.cyou
*.teiegram-tuk.org
teiegram-tuk.org
*.telegroup.top
telegroup.top
*.telegroup.top
telegroup.top
*.telegainy.rent
telegainy.rent
*.telegrbp.buzz
telegrbp.buzz
*.telegmanr.guru
telegmanr.guru
*.teleglist.guru
teleglist.guru
telegrpon.boutique
telegrpon.boutique
*.telegrove.hair
telegrove.hair
*.telegmanr.guru
telegmanr.guru
*.telegnram.buzz
telegnram.buzz
*.telegirlz.life
telegirlz.life
*.telegrove.quest
telegrove.quest
*.telegrbp.live
telegrbp.live
*.teleglobe.icu
teleglobe.icu
*.telegrupg.guru
telegrupg.guru
*.telegroup.xin
telegroup.xin
*.telegnram.cyou
telegnram.cyou
telegrung.business
*.telegrail.skin
telegrail.skin
w3.teleglobal.in
*.telegrnug.live
telegrnug.live
*.telegrpug.life
telegrpug.life
*.telegleno.life
telegleno.life
*.telegnarm.cam
telegnarm.cam
telegrgno.business
*.telegrbgo.icu
telegrbgo.icu
telegripz.quest
telegrgno.bond
telegrbp.mom
telegrpon.hair
telegripz.autos
telegrguo.beauty
*.telegames.space
telegames.space
*.telegrgno.buzz
telegrgno.buzz
*.telegrowl.help
telegrowl.help
*.telegrpon.today
telegrpon.today
*.telegrupg.help
telegrupg.help
*.telegnram.rent
telegnram.rent
*.telegrgon.asia
telegrgon.asia
telegrail.boutique
*.telegrbo.shop
telegrbo.shop
*.telegrgon.today
telegrgon.today
*.telegrbp.skin
telegrbp.skin
www.telegrbnp.boats
*.telegrove.pro
telegrove.pro
*.telegrbnp.xin
telegrbnp.xin
*.telegrbgo.xin
telegrbgo.xin
www.telegrgon.boats
*.telegrbp.skin
telegrbp.skin
telegrupg.boutique
api3-telegram.cyou
*.telegrupg.rent
telegrupg.rent
*.telegrbp.mom
telegrbp.mom
telegrafie.cz
www.telegrafie.cz
*.telegrbp.mom
telegrbp.mom
telegrafie.cz
www.telegrafie.cz
telegrafie.cz
www.telegrafie.cz
*.telegrpon.guru
telegrpon.guru
*.telegrowl.world
telegrowl.world
*.telegrove.auction
telegrove.auction
*.telegrowl.world
telegrowl.world
*.telegrgon.my
telegrgon.my
*.telegrbnp.sbs
telegrbnp.sbs
*.telegrbnp.rent
telegrbnp.rent
*.telegainy.buzz
telegainy.buzz
*.telegland.cam
telegland.cam
*.telegrbgo.rent
telegrbgo.rent
*.telegram-gift.com
telegram-gift.com
*.telegrbgo.rent
telegrbgo.rent
telegripz.business
*.telegifts.cam
telegifts.cam
telegripz.business
*.telegram-gift.com
telegram-gift.com
*.telegrpug.bond
telegrpug.bond
*.teleglobe.lol
teleglobe.lol
*.telegripz.bond
telegripz.bond
*.telegrbo.lol
telegrbo.lol
*.telegrpug.buzz
telegrpug.buzz
*.telegirlz.quest
telegirlz.quest
*.telegrbng.skin
telegrbng.skin
*.telegrpon.skin
telegrpon.skin
*.telegripz.space
telegripz.space
*.telegrpug.live
telegrpug.live
*.telegrgno.guru
telegrgno.guru
*.telegrbo.skin
telegrbo.skin
*.telegrgno.beauty
telegrgno.beauty
*.telegrbnp.boats
telegrbnp.boats
*.telegripz.quest
telegripz.quest
telegram.kgvpl.com
telegram.kgvpl.com
*.telegrpon.icu
telegrpon.icu
*.telegrbgo.bond
telegrbgo.bond
xtelega.ru
*.telegrbng.autos
telegrbng.autos
*.teleglobe.boats
teleglobe.boats
*.telegirlz.xin
telegirlz.xin
*.telegripz.quest
telegripz.quest
*.telegrupg.watch
telegrupg.watch
roulettelegends.com
*.telegifts.run
telegifts.run
*.telegmanr.shop
telegmanr.shop
*.telegrupg.bond
telegrupg.bond
teleguestbook.com
teleglobe.skin
www.telegarny.skin
*.lz-telegrem.eu
lz-telegrem.eu
telegram.taz.pp.ua
*.lz-telegrem.fyi
lz-telegrem.fyi
elegracesg.com
*.lz-telegrem.fyi
lz-telegrem.fyi
*.lz-telegrem.fyi
lz-telegrem.fyi
telegrouno.cc
*.lz-telegrem.in
lz-telegrem.in
*.lz-telegrem.fyi
lz-telegrem.fyi
*.telegrbgo.cam
telegrbgo.cam
*.telegamrn.rent
telegamrn.rent
*.lz-telegrem.fyi
lz-telegrem.fyi
*.lz-telegrem.fyi
lz-telegrem.fyi
telegramgo.space
*.telegramgo.space
lorianelegrand.com
lorianelegrand.com
